Microchip MPLAB XC8 Compiler V2.10 ()

Linker command line:

-W-3 --edf=C:\Program Files (x86)\Microchip\xc8\v2.10\pic\dat\en_msgs.txt \
  -cs -h+dist/default/production\PIC16_L_F18857_Test.X.production.sym \
  --cmf=dist/default/production\PIC16_L_F18857_Test.X.production.cmf -z \
  -Q16F18857 -oC:\Users\Stoian\AppData\Local\Temp\s3g4.2 \
  --defsym=__MPLAB_BUILD=1 \
  -Mdist/default/production/PIC16_L_F18857_Test.X.production.map -E1 \
  -ver=XC8 --acfsm=1493 -ASTACK=02140h-02FEFh -pstack=STACK \
  -ACODE=00h-07FFhx16 -ASTRCODE=00h-07FFFh -ASTRING=00h-0FFhx128 \
  -ACONST=00h-0FFhx128 -AENTRY=00h-0FFhx128 -ACOMMON=070h-07Fh \
  -ABANK0=020h-06Fh -ABANK1=0A0h-0EFh -ABANK2=0120h-016Fh \
  -ABANK3=01A0h-01EFh -ABANK4=0220h-026Fh -ABANK5=02A0h-02EFh \
  -ABANK6=0320h-036Fh -ABANK7=03A0h-03EFh -ABANK8=0420h-046Fh \
  -ABANK9=04A0h-04EFh -ABANK10=0520h-056Fh -ABANK11=05A0h-05EFh \
  -ABANK12=0620h-066Fh -ABANK13=06A0h-06EFh -ABANK14=0720h-076Fh \
  -ABANK15=07A0h-07EFh -ABANK16=0820h-086Fh -ABANK17=08A0h-08EFh \
  -ABANK18=0920h-096Fh -ABANK19=09A0h-09EFh -ABANK20=0A20h-0A6Fh \
  -ABANK21=0AA0h-0AEFh -ABANK22=0B20h-0B6Fh -ABANK23=0BA0h-0BEFh \
  -ABANK24=0C20h-0C6Fh -ABANK25=0CA0h-0CEFh -ABANK26=0D20h-0D6Fh \
  -ABANK27=0DA0h-0DEFh -ABANK28=0E20h-0E6Fh -ABANK29=0EA0h-0EEFh \
  -ABANK30=0F20h-0F6Fh -ABANK31=0FA0h-0FEFh -ABANK32=01020h-0106Fh \
  -ABANK33=010A0h-010EFh -ABANK34=01120h-0116Fh -ABANK35=011A0h-011EFh \
  -ABANK36=01220h-0126Fh -ABANK37=012A0h-012EFh -ABANK38=01320h-0136Fh \
  -ABANK39=013A0h-013EFh -ABANK40=01420h-0146Fh -ABANK41=014A0h-014EFh \
  -ABANK42=01520h-0156Fh -ABANK43=015A0h-015EFh -ABANK44=01620h-0166Fh \
  -ABANK45=016A0h-016EFh -ABANK46=01720h-0176Fh -ABANK47=017A0h-017EFh \
  -ABANK48=01820h-0186Fh -ABANK49=018A0h-018EFh -ABANK50=01920h-0196Fh \
  -ABIGRAM=02000h-02FEFh \
  -ARAM=020h-06Fh,0A0h-0EFh,0120h-016Fh,01A0h-01EFh,0220h-026Fh,02A0h-02EFh,0320h-036Fh,03A0h-03EFh,0420h-046Fh,04A0h-04EFh,0520h-056Fh,05A0h-05EFh,0620h-066Fh,06A0h-06EFh,0720h-076Fh,07A0h-07EFh,0820h-086Fh,08A0h-08EFh,0920h-096Fh,09A0h-09EFh,0A20h-0A6Fh,0AA0h-0AEFh,0B20h-0B6Fh,0BA0h-0BEFh,0C20h-0C6Fh,0CA0h-0CEFh,0D20h-0D6Fh,0DA0h-0DEFh,0E20h-0E6Fh,0EA0h-0EEFh,0F20h-0F6Fh,0FA0h-0FEFh,01020h-0106Fh,010A0h-010EFh,01120h-0116Fh,011A0h-011EFh,01220h-0126Fh,012A0h-012EFh,01320h-0136Fh,013A0h-013EFh,01420h-0146Fh,014A0h-014EFh,01520h-0156Fh,015A0h-015EFh,01620h-0166Fh,016A0h-016EFh,01720h-0176Fh,017A0h-017EFh,01820h-0186Fh,018A0h-018EFh,01920h-0196Fh \
  -AABS1=020h-07Fh,0A0h-0EFh,0120h-016Fh,01A0h-01EFh,0220h-026Fh,02A0h-02EFh,0320h-036Fh,03A0h-03EFh,0420h-046Fh,04A0h-04EFh,0520h-056Fh,05A0h-05EFh,0620h-066Fh,06A0h-06EFh,0720h-076Fh,07A0h-07EFh,0820h-086Fh,08A0h-08EFh,0920h-096Fh,09A0h-09EFh,0A20h-0A6Fh,0AA0h-0AEFh,0B20h-0B6Fh,0BA0h-0BEFh,0C20h-0C6Fh,0CA0h-0CEFh,0D20h-0D6Fh,0DA0h-0DEFh,0E20h-0E6Fh,0EA0h-0EEFh,0F20h-0F6Fh,0FA0h-0FEFh,01020h-0106Fh,010A0h-010EFh,01120h-0116Fh,011A0h-011EFh,01220h-0126Fh,012A0h-012EFh,01320h-0136Fh,013A0h-013EFh,01420h-0146Fh,014A0h-014EFh,01520h-0156Fh,015A0h-015EFh,01620h-0166Fh,016A0h-016EFh,01720h-0176Fh,017A0h-017EFh,01820h-0186Fh,018A0h-018EFh,01920h-0196Fh \
  -ASFR0=00h-01Fh -ASFR1=080h-09Fh -ASFR2=0100h-011Fh -ASFR3=0180h-019Fh \
  -ASFR4=0200h-021Fh -ASFR5=0280h-029Fh -ASFR6=0300h-031Fh \
  -ASFR7=0380h-039Fh -ASFR8=0400h-041Fh -ASFR9=0480h-049Fh \
  -ASFR10=0500h-051Fh -ASFR11=0580h-059Fh -ASFR12=0600h-061Fh \
  -ASFR13=0680h-069Fh -ASFR14=0700h-071Fh -ASFR15=0780h-079Fh \
  -ASFR16=0800h-081Fh -ASFR17=0880h-089Fh -ASFR18=0900h-091Fh \
  -ASFR19=0980h-099Fh -ASFR20=0A00h-0A1Fh -ASFR21=0A80h-0A9Fh \
  -ASFR22=0B00h-0B1Fh -ASFR23=0B80h-0B9Fh -ASFR24=0C00h-0C1Fh \
  -ASFR25=0C80h-0C9Fh -ASFR26=0D00h-0D1Fh -ASFR27=0D80h-0D9Fh \
  -ASFR28=0E00h-0E1Fh -ASFR29=0E80h-0E9Fh -ASFR30=0F00h-0F1Fh \
  -ASFR31=0F80h-0F9Fh -ASFR32=01000h-0101Fh -ASFR33=01080h-0109Fh \
  -ASFR34=01100h-0111Fh -ASFR35=01180h-0119Fh -ASFR36=01200h-0121Fh \
  -ASFR37=01280h-0129Fh -ASFR38=01300h-0131Fh -ASFR39=01380h-0139Fh \
  -ASFR40=01400h-0141Fh -ASFR41=01480h-0149Fh -ASFR42=01500h-0151Fh \
  -ASFR43=01580h-0159Fh -ASFR44=01600h-0161Fh -ASFR45=01680h-0169Fh \
  -ASFR46=01700h-0171Fh -ASFR47=01780h-0179Fh -ASFR48=01800h-0181Fh \
  -ASFR49=01880h-0189Fh -ASFR50=01900h-0191Fh -ASFR51=01980h-019EFh \
  -ASFR52=01A00h-01A6Fh -ASFR53=01A80h-01AEFh -ASFR54=01B00h-01B6Fh \
  -ASFR55=01B80h-01BEFh -ASFR56=01C00h-01C6Fh -ASFR57=01C80h-01CEFh \
  -ASFR58=01D00h-01D6Fh -ASFR59=01D80h-01DEFh -ASFR60=01E00h-01E6Fh \
  -ASFR61=01E80h-01EEFh -ASFR62=01F00h-01F6Fh -ASFR63=01F80h-01FEFh \
  -preset_vec=00h,intentry=04h,init,end_init -ppowerup=CODE -pcinit=CODE \
  -pfunctab=ENTRY -ACONFIG=08007h-0800Bh -pconfig=CONFIG -DCONFIG=2 \
  -AIDLOC=08000h-08003h -pidloc=IDLOC -DIDLOC=2 -AEEDATA=00h-0FFh/0F000h \
  -peeprom_data=EEDATA -DEEDATA=2 -DCODE=2 -DSTRCODE=2 -DSTRING=2 -DCONST=2 \
  -DENTRY=2 -k C:\Users\Stoian\AppData\Local\Temp\s3g4.o \
  dist/default/production\PIC16_L_F18857_Test.X.production.o 

Object code version is 3.11

Machine type is 16F18857



                Name                               Link     Load   Length Selector   Space Scale
C:\Users\Stoian\AppData\Local\Temp\s3g4.o
                end_init                             16       16        2        8       0
                reset_vec                             0        0        2        0       0
                config                             8007     8007        5    1000E       0
dist/default/production\PIC16_L_F18857_Test.X.production.o
                cinit                                18       18       2A        8       0
                intentry                              4        4       12        8       0
                text56                              802      802        1     1004       0
                text55                             1033     1033       57     2066       0
                text54                                2        2        1        0       0
                text53                             108A     108A       57     2114       0
                text52                                3        3        1        6       0
                text51                             10E1     10E1       57     21C2       0
                text50                              7FF      7FF        1        8       0
                text49                             1138     1138       57     2270       0
                text48                             1D04     1D04       21     3A08       0
                text46                             1CC4     1CC4       20     3988       0
                text45                              7EB      7EB       13        8       0
                text44                             1C22     1C22        9     3844       0
                text43                             1E31     1E31       42     3C62       0
                text42                             1E73     1E73       46     3CE6       0
                text41                             1DD8     1DD8       2C     3BB0       0
                text40                             1C88     1C88       1D     3910       0
                text39                             1C2B     1C2B        9     3856       0
                text38                             1BEE     1BEE        6     37DC       0
                text37                             1BF4     1BF4        6     37E8       0
                text36                             1BFA     1BFA        6     37F4       0
                text35                             1C00     1C00        6     3800       0
                text34                             1F07     1F07       50     3E0E       0
                text33                             1C12     1C12        8     3824       0
                text32                             1C34     1C34        A     3868       0
                text31                             141D     141D       AC     283A       0
                text30                             1CA5     1CA5       1F     394A       0
                text29                             1C3E     1C3E       18     387C       0
                text28                             1D25     1D25       21     3A4A       0
                text27                              80E      80E       AF     101C       0
                text26                             1240     1240       5F     2480       0
                text25                             1F57     1F57       53     3EAE       0
                text24                             164C     164C      1B4     2C98       0
                text23                             1EB9     1EB9       4E     3D72       0
                text22                             1392     1392       8B     2724       0
                text21                             1D67     1D67       23     3ACE       0
                text20                              AFC      AFC      257     15F8       0
                text19                              803      803        B     1006       0
                text18                              8BD      8BD      23F     117A       0
                text17                             1CE4     1CE4       20     39C8       0
                text16                             129F     129F       74     253E       0
                text15                             1313     1313       7F     2626       0
                text14                              700      700       EB        8       0
                text13                              7FE      7FE        1        8       0
                text12                             1FAA     1FAA       56     3F54       0
                text11                             1DAF     1DAF       29     3B5E       0
                text10                             1C6E     1C6E       1A     38DC       0
                text9                              11E7     11E7       59     23CE       0
                text8                              1D46     1D46       21     3A8C       0
                text7                              1C56     1C56       18     38AC       0
                text6                              1D8A     1D8A       25     3B14       0
                text5                                42       42      6BE        8       0
                text4                              118F     118F       58     231E       0
                text3                               D53      D53      2AD     1AA6       0
                text2                              1002     1002       31     2004       0
                text1                              1E04     1E04       2D     3C08       0
                maintext                           14C9     14C9      183     2992       0
                cstackBANK0                          20       20       4F       20       1
                cstackCOMMON                         70       70        E       70       1
                cstackBANK1                          A0       A0       41       A0       1
                cstackBANK2                         140      140        9      120       1
                clrtext                            1C06     1C06        6     380C       0
                inittext                           1C0C     1C0C        6     3818       0
                bssBANK3                            1A0      1A0       50      1A0       1
                dataBANK2                           151      151        8      120       1
                bssBANK2                            120      120       20      120       1
                bssBANK1                             E1       E1        8       A0       1
                bitbssBANK1                         748       E9        2       A0       1     8
                stringtext10                       2049     2049        3     4000       0
                stringtext9                        2045     2045        4     4000       0
                stringtext8                        2041     2041        4     4000       0
                stringtext7                        203D     203D        4     4000       0
                stringtext6                        2039     2039        4     4000       0
                stringtext5                        202F     202F        A     4000       0
                stringtext4                        2024     2024        B     4000       0
                stringtext3                        2018     2018        C     4000       0
                stringtext2                        200C     200C        C     4000       0
                stringtext1                        2000     2000        C     4000       0
                nvBANK2                             149      149        8      120       1
                idataBANK2                         1C1A     1C1A        8     3834       0

TOTAL           Name                               Link     Load   Length     Space
        CLASS   STACK          

        CLASS   CODE           
                end_init                             16       16        2         0
                cinit                                18       18       2A         0
                intentry                              4        4       12         0
                reset_vec                             0        0        2         0
                text56                              802      802        1         0
                text55                             1033     1033       57         0
                text54                                2        2        1         0
                text53                             108A     108A       57         0
                text52                                3        3        1         0
                text51                             10E1     10E1       57         0
                text50                              7FF      7FF        1         0
                text49                             1138     1138       57         0
                text48                             1D04     1D04       21         0
                text46                             1CC4     1CC4       20         0
                text45                              7EB      7EB       13         0
                text44                             1C22     1C22        9         0
                text43                             1E31     1E31       42         0
                text42                             1E73     1E73       46         0
                text41                             1DD8     1DD8       2C         0
                text40                             1C88     1C88       1D         0
                text39                             1C2B     1C2B        9         0
                text38                             1BEE     1BEE        6         0
                text37                             1BF4     1BF4        6         0
                text36                             1BFA     1BFA        6         0
                text35                             1C00     1C00        6         0
                text34                             1F07     1F07       50         0
                text33                             1C12     1C12        8         0
                text32                             1C34     1C34        A         0
                text31                             141D     141D       AC         0
                text30                             1CA5     1CA5       1F         0
                text29                             1C3E     1C3E       18         0
                text28                             1D25     1D25       21         0
                text27                              80E      80E       AF         0
                text26                             1240     1240       5F         0
                text25                             1F57     1F57       53         0
                text24                             164C     164C      1B4         0
                text23                             1EB9     1EB9       4E         0
                text22                             1392     1392       8B         0
                text21                             1D67     1D67       23         0
                text20                              AFC      AFC      257         0
                text19                              803      803        B         0
                text18                              8BD      8BD      23F         0
                text17                             1CE4     1CE4       20         0
                text16                             129F     129F       74         0
                text15                             1313     1313       7F         0
                text14                              700      700       EB         0
                text13                              7FE      7FE        1         0
                text12                             1FAA     1FAA       56         0
                text11                             1DAF     1DAF       29         0
                text10                             1C6E     1C6E       1A         0
                text9                              11E7     11E7       59         0
                text8                              1D46     1D46       21         0
                text7                              1C56     1C56       18         0
                text6                              1D8A     1D8A       25         0
                text5                                42       42      6BE         0
                text4                              118F     118F       58         0
                text3                               D53      D53      2AD         0
                text2                              1002     1002       31         0
                text1                              1E04     1E04       2D         0
                maintext                           14C9     14C9      183         0
                clrtext                            1C06     1C06        6         0
                inittext                           1C0C     1C0C        6         0
                idataBANK2                         1C1A     1C1A        8         0

        CLASS   STRCODE        
                stringtext10                       2049     2049        3         0
                stringtext9                        2045     2045        4         0
                stringtext8                        2041     2041        4         0
                stringtext7                        203D     203D        4         0
                stringtext6                        2039     2039        4         0
                stringtext5                        202F     202F        A         0
                stringtext4                        2024     2024        B         0
                stringtext3                        2018     2018        C         0
                stringtext2                        200C     200C        C         0
                stringtext1                        2000     2000        C         0

        CLASS   STRING         

        CLASS   CONST          

        CLASS   ENTRY          

        CLASS   COMMON         
                cstackCOMMON                         70       70        E         1

        CLASS   BANK0          
                cstackBANK0                          20       20       4F         1

        CLASS   BANK1          
                cstackBANK1                          A0       A0       41         1
                bssBANK1                             E1       E1        8         1
                bitbssBANK1                         748       E9        2         1

        CLASS   BANK2          
                cstackBANK2                         140      140        9         1
                dataBANK2                           151      151        8         1
                bssBANK2                            120      120       20         1
                nvBANK2                             149      149        8         1

        CLASS   BANK3          
                bssBANK3                            1A0      1A0       50         1

        CLASS   BANK4          

        CLASS   BANK5          

        CLASS   BANK6          

        CLASS   BANK7          

        CLASS   BANK8          

        CLASS   BANK9          

        CLASS   BANK10         

        CLASS   BANK11         

        CLASS   BANK12         

        CLASS   BANK13         

        CLASS   BANK14         

        CLASS   BANK15         

        CLASS   BANK16         

        CLASS   BANK17         

        CLASS   BANK18         

        CLASS   BANK19         

        CLASS   BANK20         

        CLASS   BANK21         

        CLASS   BANK22         

        CLASS   BANK23         

        CLASS   BANK24         

        CLASS   BANK25         

        CLASS   BANK26         

        CLASS   BANK27         

        CLASS   BANK28         

        CLASS   BANK29         

        CLASS   BANK30         

        CLASS   BANK31         

        CLASS   BANK32         

        CLASS   BANK33         

        CLASS   BANK34         

        CLASS   BANK35         

        CLASS   BANK36         

        CLASS   BANK37         

        CLASS   BANK38         

        CLASS   BANK39         

        CLASS   BANK40         

        CLASS   BANK41         

        CLASS   BANK42         

        CLASS   BANK43         

        CLASS   BANK44         

        CLASS   BANK45         

        CLASS   BANK46         

        CLASS   BANK47         

        CLASS   BANK48         

        CLASS   BANK49         

        CLASS   BANK50         

        CLASS   BIGRAM         

        CLASS   RAM            

        CLASS   ABS1           
                abs_s1                               7E       7E        2         1

        CLASS   SFR0           

        CLASS   SFR1           

        CLASS   SFR2           

        CLASS   SFR3           

        CLASS   SFR4           

        CLASS   SFR5           

        CLASS   SFR6           

        CLASS   SFR7           

        CLASS   SFR8           

        CLASS   SFR9           

        CLASS   SFR10          

        CLASS   SFR11          

        CLASS   SFR12          

        CLASS   SFR13          

        CLASS   SFR14          

        CLASS   SFR15          

        CLASS   SFR16          

        CLASS   SFR17          

        CLASS   SFR18          

        CLASS   SFR19          

        CLASS   SFR20          

        CLASS   SFR21          

        CLASS   SFR22          

        CLASS   SFR23          

        CLASS   SFR24          

        CLASS   SFR25          

        CLASS   SFR26          

        CLASS   SFR27          

        CLASS   SFR28          

        CLASS   SFR29          

        CLASS   SFR30          

        CLASS   SFR31          

        CLASS   SFR32          

        CLASS   SFR33          

        CLASS   SFR34          

        CLASS   SFR35          

        CLASS   SFR36          

        CLASS   SFR37          

        CLASS   SFR38          

        CLASS   SFR39          

        CLASS   SFR40          

        CLASS   SFR41          

        CLASS   SFR42          

        CLASS   SFR43          

        CLASS   SFR44          

        CLASS   SFR45          

        CLASS   SFR46          

        CLASS   SFR47          

        CLASS   SFR48          

        CLASS   SFR49          

        CLASS   SFR50          

        CLASS   SFR51          

        CLASS   SFR52          

        CLASS   SFR53          

        CLASS   SFR54          

        CLASS   SFR55          

        CLASS   SFR56          

        CLASS   SFR57          

        CLASS   SFR58          

        CLASS   SFR59          

        CLASS   SFR60          

        CLASS   SFR61          

        CLASS   SFR62          

        CLASS   SFR63          

        CLASS   CONFIG         
                config                             8007     8007        5         0

        CLASS   IDLOC          

        CLASS   EEDATA         

        CLASS   BANK63         

        CLASS   BANK62         

        CLASS   BANK61         

        CLASS   BANK60         

        CLASS   BANK59         

        CLASS   BANK58         

        CLASS   BANK57         

        CLASS   BANK56         

        CLASS   BANK55         

        CLASS   BANK54         

        CLASS   BANK53         

        CLASS   BANK52         

        CLASS   BANK51         



SEGMENTS        Name                           Load    Length   Top    Selector   Space  Class     Delta

                reset_vec                      000000  000003  000003         0       0  CODE        2
                text52                         000003  000001  000004         6       0  CODE        2
                intentry                       000004  0007FC  000800         8       0  CODE        2
                cstackBANK0                    000020  00004F  00006F        20       1  BANK0       1
                cstackCOMMON                   000070  00000E  00007E        70       1  COMMON      1
                cstackBANK1                    0000A0  00004A  0000EA        A0       1  BANK1       1
                bssBANK2                       000120  000039  000159       120       1  BANK2       1
                bssBANK3                       0001A0  000050  0001F0       1A0       1  BANK3       1
                text56                         000802  000001  000803      1004       0  CODE        2
                text19                         000803  00000B  00080E      1006       0  CODE        2
                text27                         00080E  0000AF  0008BD      101C       0  CODE        2
                text18                         0008BD  00023F  000AFC      117A       0  CODE        2
                text20                         000AFC  000257  000D53      15F8       0  CODE        2
                text3                          000D53  0002AD  001000      1AA6       0  CODE        2
                text2                          001002  000031  001033      2004       0  CODE        2
                text55                         001033  000057  00108A      2066       0  CODE        2
                text53                         00108A  000057  0010E1      2114       0  CODE        2
                text51                         0010E1  000057  001138      21C2       0  CODE        2
                text49                         001138  000057  00118F      2270       0  CODE        2
                text4                          00118F  000058  0011E7      231E       0  CODE        2
                text9                          0011E7  000059  001240      23CE       0  CODE        2
                text26                         001240  00005F  00129F      2480       0  CODE        2
                text16                         00129F  000074  001313      253E       0  CODE        2
                text15                         001313  00007F  001392      2626       0  CODE        2
                text22                         001392  00008B  00141D      2724       0  CODE        2
                text31                         00141D  0000AC  0014C9      283A       0  CODE        2
                maintext                       0014C9  000183  00164C      2992       0  CODE        2
                text24                         00164C  0001B4  001800      2C98       0  CODE        2
                text38                         001BEE  000006  001BF4      37DC       0  CODE        2
                text37                         001BF4  000006  001BFA      37E8       0  CODE        2
                text36                         001BFA  000006  001C00      37F4       0  CODE        2
                text35                         001C00  000006  001C06      3800       0  CODE        2
                clrtext                        001C06  000006  001C0C      380C       0  CODE        2
                inittext                       001C0C  000006  001C12      3818       0  CODE        2
                text33                         001C12  000008  001C1A      3824       0  CODE        2
                idataBANK2                     001C1A  000008  001C22      3834       0  CODE        2
                text44                         001C22  000009  001C2B      3844       0  CODE        2
                text39                         001C2B  000009  001C34      3856       0  CODE        2
                text32                         001C34  00000A  001C3E      3868       0  CODE        2
                text29                         001C3E  000018  001C56      387C       0  CODE        2
                text7                          001C56  000018  001C6E      38AC       0  CODE        2
                text10                         001C6E  00001A  001C88      38DC       0  CODE        2
                text40                         001C88  00001D  001CA5      3910       0  CODE        2
                text30                         001CA5  00001F  001CC4      394A       0  CODE        2
                text46                         001CC4  000020  001CE4      3988       0  CODE        2
                text17                         001CE4  000020  001D04      39C8       0  CODE        2
                text48                         001D04  000021  001D25      3A08       0  CODE        2
                text28                         001D25  000021  001D46      3A4A       0  CODE        2
                text8                          001D46  000021  001D67      3A8C       0  CODE        2
                text21                         001D67  000023  001D8A      3ACE       0  CODE        2
                text6                          001D8A  000025  001DAF      3B14       0  CODE        2
                text11                         001DAF  000029  001DD8      3B5E       0  CODE        2
                text41                         001DD8  00002C  001E04      3BB0       0  CODE        2
                text1                          001E04  00002D  001E31      3C08       0  CODE        2
                text43                         001E31  000042  001E73      3C62       0  CODE        2
                text42                         001E73  000046  001EB9      3CE6       0  CODE        2
                text23                         001EB9  00004E  001F07      3D72       0  CODE        2
                text34                         001F07  000050  001F57      3E0E       0  CODE        2
                text25                         001F57  000053  001FAA      3EAE       0  CODE        2
                text12                         001FAA  000056  002000      3F54       0  CODE        2
                stringtext1                    002000  00004C  00204C      4000       0  STRCODE     2
                config                         008007  000005  00800C     1000E       0  CONFIG      2


UNUSED ADDRESS RANGES

        Name                Unused          Largest block    Delta
        BANK0            0006F-0006F               1           1
        BANK1            000EA-000EF               6           1
        BANK10           00520-0056F              50           1
        BANK11           005A0-005EF              50           1
        BANK12           00620-0066F              50           1
        BANK13           006A0-006EF              50           1
        BANK14           00720-0076F              50           1
        BANK15           007A0-007EF              50           1
        BANK16           00820-0086F              50           1
        BANK17           008A0-008EF              50           1
        BANK18           00920-0096F              50           1
        BANK19           009A0-009EF              50           1
        BANK2            00159-0016F              17           1
        BANK20           00A20-00A6F              50           1
        BANK21           00AA0-00AEF              50           1
        BANK22           00B20-00B6F              50           1
        BANK23           00BA0-00BEF              50           1
        BANK24           00C20-00C6F              50           1
        BANK25           00CA0-00CEF              50           1
        BANK26           00D20-00D6F              50           1
        BANK27           00DA0-00DEF              50           1
        BANK28           00E20-00E6F              50           1
        BANK29           00EA0-00EEF              50           1
        BANK30           00F20-00F6F              50           1
        BANK31           00FA0-00FEF              50           1
        BANK32           01020-0106F              50           1
        BANK33           010A0-010EF              50           1
        BANK34           01120-0116F              50           1
        BANK35           011A0-011EF              50           1
        BANK36           01220-0126F              50           1
        BANK37           012A0-012EF              50           1
        BANK38           01320-0136F              50           1
        BANK39           013A0-013EF              50           1
        BANK4            00220-0026F              50           1
        BANK40           01420-0146F              50           1
        BANK41           014A0-014EF              50           1
        BANK42           01520-0156F              50           1
        BANK43           015A0-015EF              50           1
        BANK44           01620-0166F              50           1
        BANK45           016A0-016EF              50           1
        BANK46           01720-0176F              50           1
        BANK47           017A0-017EF              50           1
        BANK48           01820-0186F              50           1
        BANK49           018A0-018EF              50           1
        BANK5            002A0-002EF              50           1
        BANK50           01920-0196F              50           1
        BANK6            00320-0036F              50           1
        BANK7            003A0-003EF              50           1
        BANK8            00420-0046F              50           1
        BANK9            004A0-004EF              50           1
        BIGRAM           02000-02FEF             FF0           1
        CODE             00800-00801               2           2
                         01000-01001               2
                         01800-01BED             3EE
                         0204C-07FFF             800
        CONST            00800-00801               2           2
                         01000-01001               2
                         01800-01BED             100
                         0204C-07FFF             100
        EEDATA           0F000-0F0FF             100           2
        ENTRY            00800-00801               2           2
                         01000-01001               2
                         01800-01BED             100
                         0204C-07FFF             100
        IDLOC            08000-08003               4           2
        RAM              0006F-0006F               1           1
                         000EA-000EF               6
                         00159-0016F              17
                         00220-0026F              50
                         002A0-002EF              50
                         00320-0036F              50
                         003A0-003EF              50
                         00420-0046F              50
                         004A0-004EF              50
                         00520-0056F              50
                         005A0-005EF              50
                         00620-0066F              50
                         006A0-006EF              50
                         00720-0076F              50
                         007A0-007EF              50
                         00820-0086F              50
                         008A0-008EF              50
                         00920-0096F              50
                         009A0-009EF              50
                         00A20-00A6F              50
                         00AA0-00AEF              50
                         00B20-00B6F              50
                         00BA0-00BEF              50
                         00C20-00C6F              50
                         00CA0-00CEF              50
                         00D20-00D6F              50
                         00DA0-00DEF              50
                         00E20-00E6F              50
                         00EA0-00EEF              50
                         00F20-00F6F              50
                         00FA0-00FEF              50
                         01020-0106F              50
                         010A0-010EF              50
                         01120-0116F              50
                         011A0-011EF              50
                         01220-0126F              50
                         012A0-012EF              50
                         01320-0136F              50
                         013A0-013EF              50
                         01420-0146F              50
                         014A0-014EF              50
                         01520-0156F              50
                         015A0-015EF              50
                         01620-0166F              50
                         016A0-016EF              50
                         01720-0176F              50
                         017A0-017EF              50
                         01820-0186F              50
                         018A0-018EF              50
                         01920-0196F              50
        SFR0             00000-0001F              20           1
        SFR1             00080-0009F              20           1
        SFR10            00500-0051F              20           1
        SFR11            00580-0059F              20           1
        SFR12            00600-0061F              20           1
        SFR13            00680-0069F              20           1
        SFR14            00700-0071F              20           1
        SFR15            00780-0079F              20           1
        SFR16            00800-0081F              20           1
        SFR17            00880-0089F              20           1
        SFR18            00900-0091F              20           1
        SFR19            00980-0099F              20           1
        SFR2             00100-0011F              20           1
        SFR20            00A00-00A1F              20           1
        SFR21            00A80-00A9F              20           1
        SFR22            00B00-00B1F              20           1
        SFR23            00B80-00B9F              20           1
        SFR24            00C00-00C1F              20           1
        SFR25            00C80-00C9F              20           1
        SFR26            00D00-00D1F              20           1
        SFR27            00D80-00D9F              20           1
        SFR28            00E00-00E1F              20           1
        SFR29            00E80-00E9F              20           1
        SFR3             00180-0019F              20           1
        SFR30            00F00-00F1F              20           1
        SFR31            00F80-00F9F              20           1
        SFR32            01000-0101F              20           1
        SFR33            01080-0109F              20           1
        SFR34            01100-0111F              20           1
        SFR35            01180-0119F              20           1
        SFR36            01200-0121F              20           1
        SFR37            01280-0129F              20           1
        SFR38            01300-0131F              20           1
        SFR39            01380-0139F              20           1
        SFR4             00200-0021F              20           1
        SFR40            01400-0141F              20           1
        SFR41            01480-0149F              20           1
        SFR42            01500-0151F              20           1
        SFR43            01580-0159F              20           1
        SFR44            01600-0161F              20           1
        SFR45            01680-0169F              20           1
        SFR46            01700-0171F              20           1
        SFR47            01780-0179F              20           1
        SFR48            01800-0181F              20           1
        SFR49            01880-0189F              20           1
        SFR5             00280-0029F              20           1
        SFR50            01900-0191F              20           1
        SFR51            01980-019EF              70           1
        SFR52            01A00-01A6F              70           1
        SFR53            01A80-01AEF              70           1
        SFR54            01B00-01B6F              70           1
        SFR55            01B80-01BEF              70           1
        SFR56            01C00-01C6F              70           1
        SFR57            01C80-01CEF              70           1
        SFR58            01D00-01D6F              70           1
        SFR59            01D80-01DEF              70           1
        SFR6             00300-0031F              20           1
        SFR60            01E00-01E6F              70           1
        SFR61            01E80-01EEF              70           1
        SFR62            01F00-01F6F              70           1
        SFR63            01F80-01FEF              70           1
        SFR7             00380-0039F              20           1
        SFR8             00400-0041F              20           1
        SFR9             00480-0049F              20           1
        STACK            02140-02FEF             EB0           1
        STRCODE          00800-00801               2           2
                         01000-01001               2
                         01800-01BED             3EE
                         0204C-07FFF            5FB4
        STRING           00800-00801               2           2
                         01000-01001               2
                         01800-01BED             100
                         0204C-07FFF             100

                                  Symbol Table

?__Umul8_16                                 cstackCOMMON 00070
?___awdiv                                   cstackCOMMON 00070
?___awmod                                   cstackCOMMON 00070
?___fladd                                   cstackCOMMON 00070
?___fldiv                                   cstackCOMMON 00070
?___flmul                                   cstackBANK0  00020
?___flneg                                   cstackCOMMON 00070
?___flsub                                   cstackBANK0  0003A
?___fltol                                   cstackCOMMON 00070
?___fpclassifyf                             cstackCOMMON 00070
?___wmul                                    cstackCOMMON 00070
?___xxtofl                                  cstackCOMMON 00070
?_atoi                                      cstackCOMMON 00076
?_efgtoa                                    cstackBANK0  00046
?_floorf                                    cstackBANK0  0002D
?_isdigit                                   cstackCOMMON 00070
?_isspace                                   cstackCOMMON 00070
?_isupper                                   cstackCOMMON 00070
?_pad                                       cstackBANK0  00024
?_sprintf                                   cstackBANK1  000D9
?_strlen                                    cstackCOMMON 00070
?_strncmp                                   cstackCOMMON 00070
?_tolower                                   cstackCOMMON 00076
?_vfpfcnvrt                                 cstackBANK0  0004F
?_vfprintf                                  cstackBANK0  00066
IOCAF4_SetInterruptHandler@InterruptHandler cstackCOMMON 00070
IOCAF5_SetInterruptHandler@InterruptHandler cstackCOMMON 00070
IOCAF6_SetInterruptHandler@InterruptHandler cstackCOMMON 00070
IOCAF7_SetInterruptHandler@InterruptHandler cstackCOMMON 00070
Lcd_Cmd@a                                   cstackCOMMON 00072
Lcd_Port@a                                  cstackCOMMON 00070
Lcd_Set_Cursor@a                            cstackCOMMON 00076
Lcd_Set_Cursor@b                            cstackCOMMON 00073
Lcd_Set_Cursor@temp                         cstackCOMMON 00079
Lcd_Set_Cursor@y                            cstackCOMMON 00078
Lcd_Set_Cursor@z                            cstackCOMMON 00077
Lcd_Write_Char@a                            cstackCOMMON 00074
Lcd_Write_Char@temp                         cstackCOMMON 00072
Lcd_Write_Char@y                            cstackCOMMON 00073
Lcd_Write_String@a                          cstackCOMMON 00075
Lcd_Write_String@i                          cstackCOMMON 00078
_ANSELA                                     (abs)        01F38
_ANSELB                                     (abs)        01F43
_ANSELC                                     (abs)        01F4E
_INLVLA                                     (abs)        01F3C
_INLVLB                                     (abs)        01F47
_INLVLC                                     (abs)        01F52
_INLVLE                                     (abs)        01F68
_INTCONbits                                 (abs)        0000B
_INTERRUPT_InterruptManager                 intentry     00004
_IOCAF4_DefaultInterruptHandler             text56       00802
_IOCAF4_ISR                                 text55       01033
_IOCAF4_InterruptHandler                    nvBANK2      0014F
_IOCAF4_SetInterruptHandler                 text38       01BEE
_IOCAF5_DefaultInterruptHandler             text54       00002
_IOCAF5_ISR                                 text53       0108A
_IOCAF5_InterruptHandler                    nvBANK2      0014D
_IOCAF5_SetInterruptHandler                 text37       01BF4
_IOCAF6_DefaultInterruptHandler             text52       00003
_IOCAF6_ISR                                 text51       010E1
_IOCAF6_InterruptHandler                    nvBANK2      0014B
_IOCAF6_SetInterruptHandler                 text36       01BFA
_IOCAF7_DefaultInterruptHandler             text50       007FF
_IOCAF7_ISR                                 text49       01138
_IOCAF7_InterruptHandler                    nvBANK2      00149
_IOCAF7_SetInterruptHandler                 text35       01C00
_IOCAFbits                                  (abs)        01F3F
_IOCANbits                                  (abs)        01F3E
_IOCAPbits                                  (abs)        01F3D
_LATA                                       (abs)        00016
_LATB                                       (abs)        00017
_LATC                                       (abs)        00018
_Lcd_Clear                                  text44       01C22
_Lcd_Cmd                                    text45       007EB
_Lcd_Init                                   text43       01E31
_Lcd_Port                                   text46       01CC4
_Lcd_Set_Cursor                             text42       01E73
_Lcd_Write_Char                             text41       01DD8
_Lcd_Write_String                           text40       01C88
_ODCONA                                     (abs)        01F3A
_ODCONB                                     (abs)        01F45
_ODCONC                                     (abs)        01F50
_OSCCON1                                    (abs)        0088D
_OSCCON3                                    (abs)        0088F
_OSCEN                                      (abs)        00891
_OSCFRQ                                     (abs)        00893
_OSCILLATOR_Initialize                      text39       01C2B
_OSCTUNE                                    (abs)        00892
_PIE0bits                                   (abs)        00716
_PIN_MANAGER_IOC                            text48       01D04
_PIN_MANAGER_Initialize                     text34       01F07
_PIR0bits                                   (abs)        0070C
_PMD0                                       (abs)        00796
_PMD1                                       (abs)        00797
_PMD2                                       (abs)        00798
_PMD3                                       (abs)        00799
_PMD4                                       (abs)        0079A
_PMD5                                       (abs)        0079B
_PMD_Initialize                             text33       01C12
_PORTAbits                                  (abs)        0000C
_PORTCbits                                  (abs)        0000E
_SLRCONA                                    (abs)        01F3B
_SLRCONB                                    (abs)        01F46
_SLRCONC                                    (abs)        01F51
_SYSTEM_Initialize                          text32       01C34
_TRISA                                      (abs)        00011
_TRISB                                      (abs)        00012
_TRISC                                      (abs)        00013
_WPUA                                       (abs)        01F39
_WPUB                                       (abs)        01F44
_WPUC                                       (abs)        01F4F
_WPUE                                       (abs)        01F65
__CFG_BOREN$ON                              (abs)        00000
__CFG_BORV$LO                               (abs)        00000
__CFG_CLKOUTEN$OFF                          (abs)        00000
__CFG_CP$OFF                                (abs)        00000
__CFG_CPD$OFF                               (abs)        00000
__CFG_CSWEN$ON                              (abs)        00000
__CFG_DEBUG$OFF                             (abs)        00000
__CFG_FCMEN$ON                              (abs)        00000
__CFG_FEXTOSC$OFF                           (abs)        00000
__CFG_LPBOREN$OFF                           (abs)        00000
__CFG_LVP$ON                                (abs)        00000
__CFG_MCLRE$ON                              (abs)        00000
__CFG_PPS1WAY$ON                            (abs)        00000
__CFG_PWRTE$OFF                             (abs)        00000
__CFG_RSTOSC$HFINT1                         (abs)        00000
__CFG_SCANE$available                       (abs)        00000
__CFG_STVREN$ON                             (abs)        00000
__CFG_WDTCCS$SC                             (abs)        00000
__CFG_WDTCPS$WDTCPS_31                      (abs)        00000
__CFG_WDTCWS$WDTCWS_7                       (abs)        00000
__CFG_WDTE$OFF                              (abs)        00000
__CFG_WRT$OFF                               (abs)        00000
__CFG_ZCD$OFF                               (abs)        00000
__Habs1                                     abs1         00000
__Hbank0                                    bank0        00000
__Hbank1                                    bank1        00000
__Hbank10                                   bank10       00000
__Hbank11                                   bank11       00000
__Hbank12                                   bank12       00000
__Hbank13                                   bank13       00000
__Hbank14                                   bank14       00000
__Hbank15                                   bank15       00000
__Hbank16                                   bank16       00000
__Hbank17                                   bank17       00000
__Hbank18                                   bank18       00000
__Hbank19                                   bank19       00000
__Hbank2                                    bank2        00000
__Hbank20                                   bank20       00000
__Hbank21                                   bank21       00000
__Hbank22                                   bank22       00000
__Hbank23                                   bank23       00000
__Hbank24                                   bank24       00000
__Hbank25                                   bank25       00000
__Hbank26                                   bank26       00000
__Hbank27                                   bank27       00000
__Hbank28                                   bank28       00000
__Hbank29                                   bank29       00000
__Hbank3                                    bank3        00000
__Hbank30                                   bank30       00000
__Hbank31                                   bank31       00000
__Hbank32                                   bank32       00000
__Hbank33                                   bank33       00000
__Hbank34                                   bank34       00000
__Hbank35                                   bank35       00000
__Hbank36                                   bank36       00000
__Hbank37                                   bank37       00000
__Hbank38                                   bank38       00000
__Hbank39                                   bank39       00000
__Hbank4                                    bank4        00000
__Hbank40                                   bank40       00000
__Hbank41                                   bank41       00000
__Hbank42                                   bank42       00000
__Hbank43                                   bank43       00000
__Hbank44                                   bank44       00000
__Hbank45                                   bank45       00000
__Hbank46                                   bank46       00000
__Hbank47                                   bank47       00000
__Hbank48                                   bank48       00000
__Hbank49                                   bank49       00000
__Hbank5                                    bank5        00000
__Hbank50                                   bank50       00000
__Hbank51                                   bank51       00000
__Hbank52                                   bank52       00000
__Hbank53                                   bank53       00000
__Hbank54                                   bank54       00000
__Hbank55                                   bank55       00000
__Hbank56                                   bank56       00000
__Hbank57                                   bank57       00000
__Hbank58                                   bank58       00000
__Hbank59                                   bank59       00000
__Hbank6                                    bank6        00000
__Hbank60                                   bank60       00000
__Hbank61                                   bank61       00000
__Hbank62                                   bank62       00000
__Hbank63                                   bank63       00000
__Hbank7                                    bank7        00000
__Hbank8                                    bank8        00000
__Hbank9                                    bank9        00000
__Hbigram                                   bigram       00000
__HbitbssBANK1                              bitbssBANK1  00000
__HbssBANK1                                 bssBANK1     00000
__HbssBANK2                                 bssBANK2     00000
__HbssBANK3                                 bssBANK3     00000
__Hcinit                                    cinit        00042
__Hclrtext                                  clrtext      00000
__Hcode                                     code         00000
__Hcommon                                   common       00000
__Hconfig                                   config       0800C
__HcstackBANK0                              cstackBANK0  00000
__HcstackBANK1                              cstackBANK1  00000
__HcstackBANK2                              cstackBANK2  00000
__HcstackCOMMON                             cstackCOMMON 00000
__HdataBANK2                                dataBANK2    00000
__Heeprom_data                              eeprom_data  00000
__Hend_init                                 end_init     00018
__Hfunctab                                  functab      00000
__HidataBANK2                               idataBANK2   00000
__Hidloc                                    idloc        00000
__Hinit                                     init         00016
__Hinittext                                 inittext     00000
__Hintentry                                 intentry     00016
__Hmaintext                                 maintext     00000
__HnvBANK2                                  nvBANK2      00000
__Hpowerup                                  powerup      00000
__Hram                                      ram          00000
__Hreset_vec                                reset_vec    00002
__Hsfr0                                     sfr0         00000
__Hsfr1                                     sfr1         00000
__Hsfr10                                    sfr10        00000
__Hsfr11                                    sfr11        00000
__Hsfr12                                    sfr12        00000
__Hsfr13                                    sfr13        00000
__Hsfr14                                    sfr14        00000
__Hsfr15                                    sfr15        00000
__Hsfr16                                    sfr16        00000
__Hsfr17                                    sfr17        00000
__Hsfr18                                    sfr18        00000
__Hsfr19                                    sfr19        00000
__Hsfr2                                     sfr2         00000
__Hsfr20                                    sfr20        00000
__Hsfr21                                    sfr21        00000
__Hsfr22                                    sfr22        00000
__Hsfr23                                    sfr23        00000
__Hsfr24                                    sfr24        00000
__Hsfr25                                    sfr25        00000
__Hsfr26                                    sfr26        00000
__Hsfr27                                    sfr27        00000
__Hsfr28                                    sfr28        00000
__Hsfr29                                    sfr29        00000
__Hsfr3                                     sfr3         00000
__Hsfr30                                    sfr30        00000
__Hsfr31                                    sfr31        00000
__Hsfr32                                    sfr32        00000
__Hsfr33                                    sfr33        00000
__Hsfr34                                    sfr34        00000
__Hsfr35                                    sfr35        00000
__Hsfr36                                    sfr36        00000
__Hsfr37                                    sfr37        00000
__Hsfr38                                    sfr38        00000
__Hsfr39                                    sfr39        00000
__Hsfr4                                     sfr4         00000
__Hsfr40                                    sfr40        00000
__Hsfr41                                    sfr41        00000
__Hsfr42                                    sfr42        00000
__Hsfr43                                    sfr43        00000
__Hsfr44                                    sfr44        00000
__Hsfr45                                    sfr45        00000
__Hsfr46                                    sfr46        00000
__Hsfr47                                    sfr47        00000
__Hsfr48                                    sfr48        00000
__Hsfr49                                    sfr49        00000
__Hsfr5                                     sfr5         00000
__Hsfr50                                    sfr50        00000
__Hsfr51                                    sfr51        00000
__Hsfr52                                    sfr52        00000
__Hsfr53                                    sfr53        00000
__Hsfr54                                    sfr54        00000
__Hsfr55                                    sfr55        00000
__Hsfr56                                    sfr56        00000
__Hsfr57                                    sfr57        00000
__Hsfr58                                    sfr58        00000
__Hsfr59                                    sfr59        00000
__Hsfr6                                     sfr6         00000
__Hsfr60                                    sfr60        00000
__Hsfr61                                    sfr61        00000
__Hsfr62                                    sfr62        00000
__Hsfr63                                    sfr63        00000
__Hsfr7                                     sfr7         00000
__Hsfr8                                     sfr8         00000
__Hsfr9                                     sfr9         00000
__Hspace_0                                  (abs)        0800C
__Hspace_1                                  (abs)        0074A
__Hspace_2                                  (abs)        00000
__Hspace_3                                  (abs)        00000
__Hstack                                    stack        00000
__Hstrings                                  strings      00000
__Hstringtext1                              stringtext1  00000
__Hstringtext10                             stringtext10 00000
__Hstringtext11                             stringtext11 00000
__Hstringtext2                              stringtext2  00000
__Hstringtext3                              stringtext3  00000
__Hstringtext4                              stringtext4  00000
__Hstringtext5                              stringtext5  00000
__Hstringtext6                              stringtext6  00000
__Hstringtext7                              stringtext7  00000
__Hstringtext8                              stringtext8  00000
__Hstringtext9                              stringtext9  00000
__Htext                                     text         00000
__Labs1                                     abs1         00000
__Lbank0                                    bank0        00000
__Lbank1                                    bank1        00000
__Lbank10                                   bank10       00000
__Lbank11                                   bank11       00000
__Lbank12                                   bank12       00000
__Lbank13                                   bank13       00000
__Lbank14                                   bank14       00000
__Lbank15                                   bank15       00000
__Lbank16                                   bank16       00000
__Lbank17                                   bank17       00000
__Lbank18                                   bank18       00000
__Lbank19                                   bank19       00000
__Lbank2                                    bank2        00000
__Lbank20                                   bank20       00000
__Lbank21                                   bank21       00000
__Lbank22                                   bank22       00000
__Lbank23                                   bank23       00000
__Lbank24                                   bank24       00000
__Lbank25                                   bank25       00000
__Lbank26                                   bank26       00000
__Lbank27                                   bank27       00000
__Lbank28                                   bank28       00000
__Lbank29                                   bank29       00000
__Lbank3                                    bank3        00000
__Lbank30                                   bank30       00000
__Lbank31                                   bank31       00000
__Lbank32                                   bank32       00000
__Lbank33                                   bank33       00000
__Lbank34                                   bank34       00000
__Lbank35                                   bank35       00000
__Lbank36                                   bank36       00000
__Lbank37                                   bank37       00000
__Lbank38                                   bank38       00000
__Lbank39                                   bank39       00000
__Lbank4                                    bank4        00000
__Lbank40                                   bank40       00000
__Lbank41                                   bank41       00000
__Lbank42                                   bank42       00000
__Lbank43                                   bank43       00000
__Lbank44                                   bank44       00000
__Lbank45                                   bank45       00000
__Lbank46                                   bank46       00000
__Lbank47                                   bank47       00000
__Lbank48                                   bank48       00000
__Lbank49                                   bank49       00000
__Lbank5                                    bank5        00000
__Lbank50                                   bank50       00000
__Lbank51                                   bank51       00000
__Lbank52                                   bank52       00000
__Lbank53                                   bank53       00000
__Lbank54                                   bank54       00000
__Lbank55                                   bank55       00000
__Lbank56                                   bank56       00000
__Lbank57                                   bank57       00000
__Lbank58                                   bank58       00000
__Lbank59                                   bank59       00000
__Lbank6                                    bank6        00000
__Lbank60                                   bank60       00000
__Lbank61                                   bank61       00000
__Lbank62                                   bank62       00000
__Lbank63                                   bank63       00000
__Lbank7                                    bank7        00000
__Lbank8                                    bank8        00000
__Lbank9                                    bank9        00000
__Lbigram                                   bigram       00000
__LbitbssBANK1                              bitbssBANK1  00000
__LbssBANK1                                 bssBANK1     00000
__LbssBANK2                                 bssBANK2     00000
__LbssBANK3                                 bssBANK3     00000
__Lcinit                                    cinit        00018
__Lclrtext                                  clrtext      00000
__Lcode                                     code         00000
__Lcommon                                   common       00000
__Lconfig                                   config       08007
__LcstackBANK0                              cstackBANK0  00000
__LcstackBANK1                              cstackBANK1  00000
__LcstackBANK2                              cstackBANK2  00000
__LcstackCOMMON                             cstackCOMMON 00000
__LdataBANK2                                dataBANK2    00000
__Leeprom_data                              eeprom_data  00000
__Lend_init                                 end_init     00016
__Lfunctab                                  functab      00000
__LidataBANK2                               idataBANK2   00000
__Lidloc                                    idloc        00000
__Linit                                     init         00016
__Linittext                                 inittext     00000
__Lintentry                                 intentry     00004
__Lmaintext                                 maintext     00000
__LnvBANK2                                  nvBANK2      00000
__Lpowerup                                  powerup      00000
__Lram                                      ram          00000
__Lreset_vec                                reset_vec    00000
__Lsfr0                                     sfr0         00000
__Lsfr1                                     sfr1         00000
__Lsfr10                                    sfr10        00000
__Lsfr11                                    sfr11        00000
__Lsfr12                                    sfr12        00000
__Lsfr13                                    sfr13        00000
__Lsfr14                                    sfr14        00000
__Lsfr15                                    sfr15        00000
__Lsfr16                                    sfr16        00000
__Lsfr17                                    sfr17        00000
__Lsfr18                                    sfr18        00000
__Lsfr19                                    sfr19        00000
__Lsfr2                                     sfr2         00000
__Lsfr20                                    sfr20        00000
__Lsfr21                                    sfr21        00000
__Lsfr22                                    sfr22        00000
__Lsfr23                                    sfr23        00000
__Lsfr24                                    sfr24        00000
__Lsfr25                                    sfr25        00000
__Lsfr26                                    sfr26        00000
__Lsfr27                                    sfr27        00000
__Lsfr28                                    sfr28        00000
__Lsfr29                                    sfr29        00000
__Lsfr3                                     sfr3         00000
__Lsfr30                                    sfr30        00000
__Lsfr31                                    sfr31        00000
__Lsfr32                                    sfr32        00000
__Lsfr33                                    sfr33        00000
__Lsfr34                                    sfr34        00000
__Lsfr35                                    sfr35        00000
__Lsfr36                                    sfr36        00000
__Lsfr37                                    sfr37        00000
__Lsfr38                                    sfr38        00000
__Lsfr39                                    sfr39        00000
__Lsfr4                                     sfr4         00000
__Lsfr40                                    sfr40        00000
__Lsfr41                                    sfr41        00000
__Lsfr42                                    sfr42        00000
__Lsfr43                                    sfr43        00000
__Lsfr44                                    sfr44        00000
__Lsfr45                                    sfr45        00000
__Lsfr46                                    sfr46        00000
__Lsfr47                                    sfr47        00000
__Lsfr48                                    sfr48        00000
__Lsfr49                                    sfr49        00000
__Lsfr5                                     sfr5         00000
__Lsfr50                                    sfr50        00000
__Lsfr51                                    sfr51        00000
__Lsfr52                                    sfr52        00000
__Lsfr53                                    sfr53        00000
__Lsfr54                                    sfr54        00000
__Lsfr55                                    sfr55        00000
__Lsfr56                                    sfr56        00000
__Lsfr57                                    sfr57        00000
__Lsfr58                                    sfr58        00000
__Lsfr59                                    sfr59        00000
__Lsfr6                                     sfr6         00000
__Lsfr60                                    sfr60        00000
__Lsfr61                                    sfr61        00000
__Lsfr62                                    sfr62        00000
__Lsfr63                                    sfr63        00000
__Lsfr7                                     sfr7         00000
__Lsfr8                                     sfr8         00000
__Lsfr9                                     sfr9         00000
__Lspace_0                                  (abs)        00000
__Lspace_1                                  (abs)        00000
__Lspace_2                                  (abs)        00000
__Lspace_3                                  (abs)        00000
__Lstack                                    stack        00000
__Lstrings                                  strings      00000
__Lstringtext1                              stringtext1  00000
__Lstringtext10                             stringtext10 00000
__Lstringtext11                             stringtext11 00000
__Lstringtext2                              stringtext2  00000
__Lstringtext3                              stringtext3  00000
__Lstringtext4                              stringtext4  00000
__Lstringtext5                              stringtext5  00000
__Lstringtext6                              stringtext6  00000
__Lstringtext7                              stringtext7  00000
__Lstringtext8                              stringtext8  00000
__Lstringtext9                              stringtext9  00000
__Ltext                                     text         00000
__S0                                        (abs)        0800C
__S1                                        (abs)        001F0
__S2                                        (abs)        00000
__S3                                        (abs)        00000
__Umul8_16                                  text21       01D67
__Umul8_16@multiplicand                     cstackCOMMON 00070
__Umul8_16@multiplier                       cstackCOMMON 00078
__Umul8_16@product                          cstackCOMMON 00074
__Umul8_16@word_mpld                        cstackCOMMON 00076
___awdiv                                    text26       01240
___awdiv@counter                            cstackCOMMON 00075
___awdiv@dividend                           cstackCOMMON 00072
___awdiv@divisor                            cstackCOMMON 00070
___awdiv@quotient                           cstackCOMMON 00077
___awdiv@sign                               cstackCOMMON 00076
___awmod                                    text25       01F57
___awmod@counter                            cstackCOMMON 00075
___awmod@dividend                           cstackCOMMON 00072
___awmod@divisor                            cstackCOMMON 00070
___awmod@sign                               cstackCOMMON 00076
___fladd                                    text18       008BD
___fladd@a                                  cstackCOMMON 00074
___fladd@aexp                               cstackCOMMON 00079
___fladd@b                                  cstackCOMMON 00070
___fladd@bexp                               cstackCOMMON 0007A
___fladd@grs                                cstackCOMMON 0007B
___fladd@signs                              cstackCOMMON 00078
___fldiv                                    text24       0164C
___fldiv@a                                  cstackCOMMON 00070
___fldiv@aexp                               cstackBANK0  0002C
___fldiv@b                                  cstackCOMMON 00074
___fldiv@bexp                               cstackBANK0  0002B
___fldiv@grs                                cstackBANK0  00027
___fldiv@new_exp                            cstackBANK0  00025
___fldiv@rem                                cstackBANK0  00020
___fldiv@sign                               cstackBANK0  00024
___fleq                                     text23       01EB9
___fleq@ff1                                 cstackCOMMON 00070
___fleq@ff2                                 cstackCOMMON 00074
___flge                                     text22       01392
___flge@ff1                                 cstackBANK0  0003A
___flge@ff2                                 cstackBANK0  0003E
___flmul                                    text20       00AFC
___flmul@a                                  cstackBANK0  00024
___flmul@aexp                               cstackBANK0  0002E
___flmul@b                                  cstackBANK0  00020
___flmul@bexp                               cstackBANK0  00033
___flmul@grs                                cstackBANK0  0002F
___flmul@prod                               cstackBANK0  00034
___flmul@sign                               cstackBANK0  0002D
___flmul@temp                               cstackBANK0  00038
___flneg                                    text19       00803
___flneg@f1                                 cstackCOMMON 00070
___flsub                                    text17       01CE4
___flsub@a                                  cstackBANK0  0003A
___flsub@b                                  cstackBANK0  0003E
___fltol                                    text16       0129F
___fltol@exp1                               cstackCOMMON 0007A
___fltol@f1                                 cstackCOMMON 00070
___fltol@sign1                              cstackCOMMON 00079
___fpclassifyf                              text15       01313
___fpclassifyf@F463                         bssBANK2     00124
___fpclassifyf@e                            cstackBANK0  00020
___fpclassifyf@u                            cstackBANK0  00022
___fpclassifyf@x                            cstackCOMMON 00070
___int_sp                                   stack        00000
___latbits                                  (abs)        00004
___sp                                       stack        00000
___stackhi                                  (abs)        02FEF
___stacklo                                  (abs)        02140
___wmul                                     text30       01CA5
___wmul@multiplicand                        cstackCOMMON 00072
___wmul@multiplier                          cstackCOMMON 00070
___wmul@product                             cstackCOMMON 00074
___xxtofl                                   text31       0141D
___xxtofl@arg                               cstackCOMMON 0007A
___xxtofl@exp                               cstackCOMMON 00079
___xxtofl@sign                              cstackCOMMON 00078
___xxtofl@val                               cstackCOMMON 00070
__end_of_INTERRUPT_InterruptManager         intentry     00016
__end_of_IOCAF4_DefaultInterruptHandler     text56       00803
__end_of_IOCAF4_ISR                         text55       0108A
__end_of_IOCAF4_SetInterruptHandler         text38       01BF4
__end_of_IOCAF5_DefaultInterruptHandler     text54       00003
__end_of_IOCAF5_ISR                         text53       010E1
__end_of_IOCAF5_SetInterruptHandler         text37       01BFA
__end_of_IOCAF6_DefaultInterruptHandler     text52       00004
__end_of_IOCAF6_ISR                         text51       01138
__end_of_IOCAF6_SetInterruptHandler         text36       01C00
__end_of_IOCAF7_DefaultInterruptHandler     text50       00800
__end_of_IOCAF7_ISR                         text49       0118F
__end_of_IOCAF7_SetInterruptHandler         text35       01C06
__end_of_Lcd_Clear                          text44       01C2B
__end_of_Lcd_Cmd                            text45       007FE
__end_of_Lcd_Init                           text43       01E73
__end_of_Lcd_Port                           text46       01CE4
__end_of_Lcd_Set_Cursor                     text42       01EB9
__end_of_Lcd_Write_Char                     text41       01E04
__end_of_Lcd_Write_String                   text40       01CA5
__end_of_OSCILLATOR_Initialize              text39       01C34
__end_of_PIN_MANAGER_IOC                    text48       01D25
__end_of_PIN_MANAGER_Initialize             text34       01F57
__end_of_PMD_Initialize                     text33       01C1A
__end_of_SYSTEM_Initialize                  text32       01C3E
[...]
      Totals:         0       0       0       0       0       0       0       0       0       0       0       0       0       0       0       0       0       0       0       0       0       0       0       0       0       0       0       0       0       0       0       0       0       0       0       0       0       0       0       0       0       0       0       0       0       0       0       0       0       0       0       0
Total ram usage:        0 bytes
 Hardware stack levels used:    1
 This function calls:
		Nothing
 This function is called by:
		_PIN_MANAGER_Initialize
		_IOCAF6_ISR
 This function uses a non-reentrant model


 *************** function _IOCAF5_ISR *****************
 Defined at:
		line 233 in file "mcc_generated_files/pin_manager.c"
 Parameters:    Size  Location     Type
		None
 Auto vars:     Size  Location     Type
		None
 Return value:  Size  Location     Type
                  1    wreg      void 
 Registers used:
		wreg, status,2, status,0, pclath, cstack
 Tracked objects:
		On entry : 
		On exit  : 
		Unchanged: 
 Data sizes:     COMMON   BANK0   BANK1   BANK2   BANK3   BANK4   BANK5   BANK6   BANK7   BANK8   BANK9  BANK10  BANK11  BANK12  BANK13  BANK14  BANK15  BANK16  BANK17  BANK18  BANK19  BANK20  BANK21  BANK22  BANK23  BANK24  BANK25  BANK26  BANK27  BANK28  BANK29  BANK30  BANK31  BANK32  BANK33  BANK34  BANK35  BANK36  BANK37  BANK38  BANK39  BANK40  BANK41  BANK42  BANK43  BANK44  BANK45  BANK46  BANK47  BANK48  BANK49  BANK50
      Params:         0       0       0       0       0       0       0       0       0       0       0       0       0       0       0       0       0       0       0       0       0       0       0       0       0       0       0       0       0       0       0       0       0       0       0       0       0       0       0       0       0       0       0       0       0       0       0       0       0       0       0       0
      Locals:         0       0       0       0       0       0       0       0       0       0       0       0       0       0       0       0       0       0       0       0       0       0       0       0       0       0       0       0       0       0       0       0       0       0       0       0       0       0       0       0       0       0       0       0       0       0       0       0       0       0       0       0
      Temps:          0       0       0       0       0       0       0       0       0       0       0       0       0       0       0       0       0       0       0       0       0       0       0       0       0       0       0       0       0       0       0       0       0       0       0       0       0       0       0       0       0       0       0       0       0       0       0       0       0       0       0       0
      Totals:         0       0       0       0       0       0       0       0       0       0       0       0       0       0       0       0       0       0       0       0       0       0       0       0       0       0       0       0       0       0       0       0       0       0       0       0       0       0       0       0       0       0       0       0       0       0       0       0       0       0       0       0
Total ram usage:        0 bytes
 Hardware stack levels used:    1
 Hardware stack levels required when called:    1
 This function calls:
		Absolute function
		_IOCAF5_DefaultInterruptHandler
 This function is called by:
		_PIN_MANAGER_IOC
 This function uses a non-reentrant model


 *************** function _IOCAF5_DefaultInterruptHandler *****************
 Defined at:
		line 274 in file "mcc_generated_files/pin_manager.c"
 Parameters:    Size  Location     Type
		None
 Auto vars:     Size  Location     Type
		None
 Return value:  Size  Location     Type
                  1    wreg      void 
 Registers used:
		None
 Tracked objects:
		On entry : 
		On exit  : 
		Unchanged: 
 Data sizes:     COMMON   BANK0   BANK1   BANK2   BANK3   BANK4   BANK5   BANK6   BANK7   BANK8   BANK9  BANK10  BANK11  BANK12  BANK13  BANK14  BANK15  BANK16  BANK17  BANK18  BANK19  BANK20  BANK21  BANK22  BANK23  BANK24  BANK25  BANK26  BANK27  BANK28  BANK29  BANK30  BANK31  BANK32  BANK33  BANK34  BANK35  BANK36  BANK37  BANK38  BANK39  BANK40  BANK41  BANK42  BANK43  BANK44  BANK45  BANK46  BANK47  BANK48  BANK49  BANK50
      Params:         0       0       0       0       0       0       0       0       0       0       0       0       0       0       0       0       0       0       0       0       0       0       0       0       0       0       0       0       0       0       0       0       0       0       0       0       0       0       0       0       0       0       0       0       0       0       0       0       0       0       0       0
      Locals:         0       0       0       0       0       0       0       0       0       0       0       0       0       0       0       0       0       0       0       0       0       0       0       0       0       0       0       0       0       0       0       0       0       0       0       0       0       0       0       0       0       0       0       0       0       0       0       0       0       0       0       0
      Temps:          0       0       0       0       0       0       0       0       0       0       0       0       0       0       0       0       0       0       0       0       0       0       0       0       0       0       0       0       0       0       0       0       0       0       0       0       0       0       0       0       0       0       0       0       0       0       0       0       0       0       0       0
      Totals:         0       0       0       0       0       0       0       0       0       0       0       0       0       0       0       0       0       0       0       0       0       0       0       0       0       0       0       0       0       0       0       0       0       0       0       0       0       0       0       0       0       0       0       0       0       0       0       0       0       0       0       0
Total ram usage:        0 bytes
 Hardware stack levels used:    1
 This function calls:
		Nothing
 This function is called by:
		_PIN_MANAGER_Initialize
		_IOCAF5_ISR
 This function uses a non-reentrant model


 *************** function _IOCAF4_ISR *****************
 Defined at:
		line 184 in file "mcc_generated_files/pin_manager.c"
 Parameters:    Size  Location     Type
		None
 Auto vars:     Size  Location     Type
		None
 Return value:  Size  Location     Type
                  1    wreg      void 
 Registers used:
		wreg, status,2, status,0, pclath, cstack
 Tracked objects:
		On entry : 
		On exit  : 
		Unchanged: 
 Data sizes:     COMMON   BANK0   BANK1   BANK2   BANK3   BANK4   BANK5   BANK6   BANK7   BANK8   BANK9  BANK10  BANK11  BANK12  BANK13  BANK14  BANK15  BANK16  BANK17  BANK18  BANK19  BANK20  BANK21  BANK22  BANK23  BANK24  BANK25  BANK26  BANK27  BANK28  BANK29  BANK30  BANK31  BANK32  BANK33  BANK34  BANK35  BANK36  BANK37  BANK38  BANK39  BANK40  BANK41  BANK42  BANK43  BANK44  BANK45  BANK46  BANK47  BANK48  BANK49  BANK50
      Params:         0       0       0       0       0       0       0       0       0       0       0       0       0       0       0       0       0       0       0       0       0       0       0       0       0       0       0       0       0       0       0       0       0       0       0       0       0       0       0       0       0       0       0       0       0       0       0       0       0       0       0       0
      Locals:         0       0       0       0       0       0       0       0       0       0       0       0       0       0       0       0       0       0       0       0       0       0       0       0       0       0       0       0       0       0       0       0       0       0       0       0       0       0       0       0       0       0       0       0       0       0       0       0       0       0       0       0
      Temps:          0       0       0       0       0       0       0       0       0       0       0       0       0       0       0       0       0       0       0       0       0       0       0       0       0       0       0       0       0       0       0       0       0       0       0       0       0       0       0       0       0       0       0       0       0       0       0       0       0       0       0       0
      Totals:         0       0       0       0       0       0       0       0       0       0       0       0       0       0       0       0       0       0       0       0       0       0       0       0       0       0       0       0       0       0       0       0       0       0       0       0       0       0       0       0       0       0       0       0       0       0       0       0       0       0       0       0
Total ram usage:        0 bytes
 Hardware stack levels used:    1
 Hardware stack levels required when called:    1
 This function calls:
		Absolute function
		_IOCAF4_DefaultInterruptHandler
 This function is called by:
		_PIN_MANAGER_IOC
 This function uses a non-reentrant model


 *************** function _IOCAF4_DefaultInterruptHandler *****************
 Defined at:
		line 225 in file "mcc_generated_files/pin_manager.c"
 Parameters:    Size  Location     Type
		None
 Auto vars:     Size  Location     Type
		None
 Return value:  Size  Location     Type
                  1    wreg      void 
 Registers used:
		None
 Tracked objects:
		On entry : 
		On exit  : 
		Unchanged: 
 Data sizes:     COMMON   BANK0   BANK1   BANK2   BANK3   BANK4   BANK5   BANK6   BANK7   BANK8   BANK9  BANK10  BANK11  BANK12  BANK13  BANK14  BANK15  BANK16  BANK17  BANK18  BANK19  BANK20  BANK21  BANK22  BANK23  BANK24  BANK25  BANK26  BANK27  BANK28  BANK29  BANK30  BANK31  BANK32  BANK33  BANK34  BANK35  BANK36  BANK37  BANK38  BANK39  BANK40  BANK41  BANK42  BANK43  BANK44  BANK45  BANK46  BANK47  BANK48  BANK49  BANK50
      Params:         0       0       0       0       0       0       0       0       0       0       0       0       0       0       0       0       0       0       0       0       0       0       0       0       0       0       0       0       0       0       0       0       0       0       0       0       0       0       0       0       0       0       0       0       0       0       0       0       0       0       0       0
      Locals:         0       0       0       0       0       0       0       0       0       0       0       0       0       0       0       0       0       0       0       0       0       0       0       0       0       0       0       0       0       0       0       0       0       0       0       0       0       0       0       0       0       0       0       0       0       0       0       0       0       0       0       0
      Temps:          0       0       0       0       0       0       0       0       0       0       0       0       0       0       0       0       0       0       0       0       0       0       0       0       0       0       0       0       0       0       0       0       0       0       0       0       0       0       0       0       0       0       0       0       0       0       0       0       0       0       0       0
      Totals:         0       0       0       0       0       0       0       0       0       0       0       0       0       0       0       0       0       0       0       0       0       0       0       0       0       0       0       0       0       0       0       0       0       0       0       0       0       0       0       0       0       0       0       0       0       0       0       0       0       0       0       0
Total ram usage:        0 bytes
 Hardware stack levels used:    1
 This function calls:
		Nothing
 This function is called by:
		_PIN_MANAGER_Initialize
		_IOCAF4_ISR
 This function uses a non-reentrant model



MODULE INFORMATION

Module		Function		Class		Link	Load	Size
C:\Program Files (x86)\Microchip\xc8\v2.10\pic\sources\c99\common\floorf.c
		_floorf        		CODE           	0700	0000	236

C:\Program Files (x86)\Microchip\xc8\v2.10\pic\sources\c99\common\floorf.c estimated size: 236

C:\Program Files (x86)\Microchip\xc8\v2.10\pic\sources\c99\common\atoi.c
		_atoi          		CODE           	080E	0000	176

C:\Program Files (x86)\Microchip\xc8\v2.10\pic\sources\c99\common\atoi.c estimated size: 176

C:\Program Files (x86)\Microchip\xc8\v2.10\pic\sources\c99\common\fleq.c
		___fleq        		CODE           	1EB9	0000	79

C:\Program Files (x86)\Microchip\xc8\v2.10\pic\sources\c99\common\fleq.c estimated size: 79

C:\Program Files (x86)\Microchip\xc8\v2.10\pic\sources\c99\common\xxtofl.c
		___xxtofl      		CODE           	141D	0000	173

C:\Program Files (x86)\Microchip\xc8\v2.10\pic\sources\c99\common\xxtofl.c estimated size: 173

mcc_generated_files/interrupt_manager.c
		_INTERRUPT_InterruptManager		CODE           	0004	0000	19

mcc_generated_files/interrupt_manager.c estimated size: 19

C:\Program Files (x86)\Microchip\xc8\v2.10\pic\sources\c99\common\awdiv.c
		___awdiv       		CODE           	1240	0000	96

C:\Program Files (x86)\Microchip\xc8\v2.10\pic\sources\c99\common\awdiv.c estimated size: 96

C:\Program Files (x86)\Microchip\xc8\v2.10\pic\sources\c99\common\isspace.c
		_isspace       		CODE           	1D25	0000	34

C:\Program Files (x86)\Microchip\xc8\v2.10\pic\sources\c99\common\isspace.c estimated size: 34

C:\Program Files (x86)\Microchip\xc8\v2.10\pic\sources\c99\common\strlen.c
		_strlen        		CODE           	1C6E	0000	27

C:\Program Files (x86)\Microchip\xc8\v2.10\pic\sources\c99\common\strlen.c estimated size: 27

C:\Program Files (x86)\Microchip\xc8\v2.10\pic\sources\c99\common\fltol.c
		___fltol       		CODE           	129F	0000	117

C:\Program Files (x86)\Microchip\xc8\v2.10\pic\sources\c99\common\fltol.c estimated size: 117

./lcd.h
		_Lcd_Write_String		CODE           	1C88	0000	30
		_Lcd_Init      		CODE           	1E31	0000	67
		_Lcd_Write_Char		CODE           	1DD8	0000	45
		_Lcd_Cmd       		CODE           	07EB	0000	20
		_Lcd_Set_Cursor		CODE           	1E73	0000	71
		_Lcd_Clear     		CODE           	1C22	0000	10
		_Lcd_Port      		CODE           	1CC4	0000	33

./lcd.h estimated size: 276

C:\Program Files (x86)\Microchip\xc8\v2.10\pic\sources\c99\common\strcpy.c
		_strcpy        		CODE           	1D46	0000	34

C:\Program Files (x86)\Microchip\xc8\v2.10\pic\sources\c99\common\strcpy.c estimated size: 34

C:\Program Files (x86)\Microchip\xc8\v2.10\pic\sources\c99\common\strncmp.c
		_strncmp       		CODE           	118F	0000	89

C:\Program Files (x86)\Microchip\xc8\v2.10\pic\sources\c99\common\strncmp.c estimated size: 89

C:\Program Files (x86)\Microchip\xc8\v2.10\pic\sources\c99\common\tolower.c
		_tolower       		CODE           	1D8A	0000	38

C:\Program Files (x86)\Microchip\xc8\v2.10\pic\sources\c99\common\tolower.c estimated size: 38

mcc_generated_files/pin_manager.c
		_IOCAF6_ISR    		CODE           	10E1	0000	88
		_IOCAF5_SetInterruptHandler		CODE           	1BF4	0000	7
		_PIN_MANAGER_Initialize		CODE           	1F07	0000	81
		_IOCAF4_DefaultInterruptHandler		CODE           	0802	0000	2
		_IOCAF7_DefaultInterruptHandler		CODE           	07FF	0000	2
		_IOCAF4_ISR    		CODE           	1033	0000	88
		_IOCAF7_ISR    		CODE           	1138	0000	88
		_IOCAF6_SetInterruptHandler		CODE           	1BFA	0000	7
		_IOCAF5_DefaultInterruptHandler		CODE           	0002	0000	2
		_IOCAF5_ISR    		CODE           	108A	0000	88
		_PIN_MANAGER_IOC		CODE           	1D04	0000	34
		_IOCAF4_SetInterruptHandler		CODE           	1BEE	0000	7
		_IOCAF7_SetInterruptHandler		CODE           	1C00	0000	7
		_IOCAF6_DefaultInterruptHandler		CODE           	0003	0000	2

mcc_generated_files/pin_manager.c estimated size: 503

C:\Program Files (x86)\Microchip\xc8\v2.10\pic\sources\c99\common\sprcmul.c
		___flmul       		CODE           	0AFC	0000	600

C:\Program Files (x86)\Microchip\xc8\v2.10\pic\sources\c99\common\sprcmul.c estimated size: 600

C:\Program Files (x86)\Microchip\xc8\v2.10\pic\sources\c99\common\sprcdiv.c
		___fldiv       		CODE           	164C	0000	437

C:\Program Files (x86)\Microchip\xc8\v2.10\pic\sources\c99\common\sprcdiv.c estimated size: 437

C:\Program Files (x86)\Microchip\xc8\v2.10\pic\sources\c99\common\doprnt.c
		_vfpfcnvrt     		CODE           	0D53	0000	686
		_efgtoa        		CODE           	0042	0000	1727
		_pad           		CODE           	11E7	0000	90
		_vfprintf      		CODE           	1002	0000	50

C:\Program Files (x86)\Microchip\xc8\v2.10\pic\sources\c99\common\doprnt.c estimated size: 2553

C:\Program Files (x86)\Microchip\xc8\v2.10\pic\sources\c99\common\nf_fputs.c
		_fputs         		CODE           	1DAF	0000	42

C:\Program Files (x86)\Microchip\xc8\v2.10\pic\sources\c99\common\nf_fputs.c estimated size: 42

C:\Program Files (x86)\Microchip\xc8\v2.10\pic\sources\c99\common\flge.c
		___flge        		CODE           	1392	0000	140

C:\Program Files (x86)\Microchip\xc8\v2.10\pic\sources\c99\common\flge.c estimated size: 140

C:\Program Files (x86)\Microchip\xc8\v2.10\pic\sources\c99\common\flneg.c
		___flneg       		CODE           	0803	0000	12

C:\Program Files (x86)\Microchip\xc8\v2.10\pic\sources\c99\common\flneg.c estimated size: 12

shared
		__initialization		CODE           	0018	0000	39

shared estimated size: 39

C:\Program Files (x86)\Microchip\xc8\v2.10\pic\sources\c99\common\putch.c
		_putch         		CODE           	07FE	0000	2

C:\Program Files (x86)\Microchip\xc8\v2.10\pic\sources\c99\common\putch.c estimated size: 2

mcc_generated_files/mcc.c
		_PMD_Initialize		CODE           	1C12	0000	9
		_OSCILLATOR_Initialize		CODE           	1C2B	0000	10
		_SYSTEM_Initialize		CODE           	1C34	0000	11

mcc_generated_files/mcc.c estimated size: 30

C:\Program Files (x86)\Microchip\xc8\v2.10\pic\sources\c99\common\isdigit.c
		_isdigit       		CODE           	1C3E	0000	25

C:\Program Files (x86)\Microchip\xc8\v2.10\pic\sources\c99\common\isdigit.c estimated size: 25

C:\Program Files (x86)\Microchip\xc8\v2.10\pic\sources\c99\common\sprcadd.c
		___flsub       		CODE           	1CE4	0000	33
		___fladd       		CODE           	08BD	0000	576

C:\Program Files (x86)\Microchip\xc8\v2.10\pic\sources\c99\common\sprcadd.c estimated size: 609

C:\Program Files (x86)\Microchip\xc8\v2.10\pic\sources\c99\common\nf_sprintf.c
		_sprintf       		CODE           	1E04	0000	46

C:\Program Files (x86)\Microchip\xc8\v2.10\pic\sources\c99\common\nf_sprintf.c estimated size: 46

C:\Program Files (x86)\Microchip\xc8\v2.10\pic\sources\c99\common\Umul16.c
		___wmul        		CODE           	1CA5	0000	32

C:\Program Files (x86)\Microchip\xc8\v2.10\pic\sources\c99\common\Umul16.c estimated size: 32

C:\Program Files (x86)\Microchip\xc8\v2.10\pic\sources\c99\common\Umul8_16.c
		__Umul8_16     		CODE           	1D67	0000	36

C:\Program Files (x86)\Microchip\xc8\v2.10\pic\sources\c99\common\Umul8_16.c estimated size: 36

C:\Program Files (x86)\Microchip\xc8\v2.10\pic\sources\c99\common\awmod.c
		___awmod       		CODE           	1F57	0000	84

C:\Program Files (x86)\Microchip\xc8\v2.10\pic\sources\c99\common\awmod.c estimated size: 84

main.c
		_main          		CODE           	14C9	0000	388

main.c estimated size: 388

C:\Program Files (x86)\Microchip\xc8\v2.10\pic\sources\c99\common\isupper.c
		_isupper       		CODE           	1C56	0000	25

C:\Program Files (x86)\Microchip\xc8\v2.10\pic\sources\c99\common\isupper.c estimated size: 25

C:\Program Files (x86)\Microchip\xc8\v2.10\pic\sources\c99\common\__fpclassifyf.c
		___fpclassifyf 		CODE           	1313	0000	128

C:\Program Files (x86)\Microchip\xc8\v2.10\pic\sources\c99\common\__fpclassifyf.c estimated size: 128

C:\Program Files (x86)\Microchip\xc8\v2.10\pic\sources\c99\common\nf_fputc.c
		_fputc         		CODE           	1FAA	0000	87

C:\Program Files (x86)\Microchip\xc8\v2.10\pic\sources\c99\common\nf_fputc.c estimated size: 87

